Terraform Installation
......................

Go to Browser copy the download link - https://releases.hashicorp.com/terraform/1.3.7/terraform_1.3.7_linux_amd64.zip

[root@ip-172-31-52-79 ~]# cd /opt
[root@ip-172-31-52-79 opt]# ls -lrt
total 8100
drwxr-xr-x 2 root root       6 Aug 16  2018 rh
-rw-r--r-- 1 root root 8293440 Dec 24 19:28 apache-maven-3.8.7-bin.tar.gz
drwxr-xr-x 4 root root      33 Jan 24 23:05 aws
drwxr-xr-x 6 root root      99 Feb  3 08:25 apache-maven-3.8.7

[root@ip-172-31-52-79 opt]# wget https://releases.hashicorp.com/terraform/1.3.7/terraform_1.3.7_linux_amd64.zip
--2023-02-04 11:08:39--  https://releases.hashicorp.com/terraform/1.3.7/terraform_1.3.7_linux_amd64.zip
Resolving releases.hashicorp.com (releases.hashicorp.com)... 108.138.85.65, 108.138.85.30, 108.138.85.31, ...
Connecting to releases.hashicorp.com (releases.hashicorp.com)|108.138.85.65|:443... connected.
HTTP request sent, awaiting response... 200 OK
Length: 19464102 (19M) [application/zip]
Saving to: ‘terraform_1.3.7_linux_amd64.zip’

100%[====================================================================================>] 19,464,102   109MB/s   in 0.2s

2023-02-04 11:08:39 (109 MB/s) - ‘terraform_1.3.7_linux_amd64.zip’ saved [19464102/19464102]

[root@ip-172-31-52-79 opt]# ls -lrt
total 27108
drwxr-xr-x 2 root root        6 Aug 16  2018 rh
-rw-r--r-- 1 root root  8293440 Dec 24 19:28 apache-maven-3.8.7-bin.tar.gz
-rw-r--r-- 1 root root 19464102 Jan  4 15:34 terraform_1.3.7_linux_amd64.zip
drwxr-xr-x 4 root root       33 Jan 24 23:05 aws
drwxr-xr-x 6 root root       99 Feb  3 08:25 apache-maven-3.8.7

[root@ip-172-31-52-79 opt]#unzip terraform_1.3.7_linux_amd64.zip

[root@ip-172-31-52-79 opt]# terraform -v
-bash: terraform: command not found
[root@ip-172-31-52-79 opt]# echo $PATH
/usr/local/sbin:/usr/local/bin:/usr/sbin:/usr/bin:/root/bin
[root@ip-172-31-52-79 opt]# cp terraform /usr/bin
[root@ip-172-31-52-79 opt]# terraform -v
Terraform v1.3.7
on linux_amd64
[root@ip-172-31-52-79 opt]#
